// Jest Snapshot v1, https://goo.gl/fbAQLP

exports[`<StatsCard /> should match snapshot 1`] = `
<div>
  <div
    class="flex flex-col justify-center items-center w-[11.125rem] min-w-[11.125rem] h-[9.1875rem] bg-background-400 rounded-[4px] md:px-8 md:w-max md:h-[12.9375rem]"
  >
    <strong
      class="inline-block text-transparent bg-clip-text bg-gradient-primary font-highlight font-bold text-10xl leading-none md:text-14xl md:leading-none"
    >
      15
    </strong>
    <span
      class="font-highlight text-lg text-neutral-50"
    >
      Cap√≠tulos
    </span>
  </div>
</div>
`;
